// Jest Snapshot v1, https://goo.gl/fbAQLP

exports[`Should render the editExpensePage 1`] = `
<div>
  <ExpenseForm
    expense={
      Array [
        Object {
          "amount": 12312,
          "createdAt": 0,
          "description": "love",
          "id": 1,
          "note": "12312",
        },
      ]
    }
    onSubmit={[Function]}
  />
  <button
    onClick={[Function]}
  >
    Remove
  </button>
</div>
`;
